[   24414ms] [VERBOSE] [DOM] Input elements should have autocomplete attributes (suggested: "current-password"): (More info: https://goo.gl/9p2vKq) %o @ http://localhost:3000/:0
[   24437ms] [ERROR] Failed to load resource: net::ERR_CONNECTION_REFUSED @ http://localhost:8080/api/v1/auth/me:0
[   24518ms] [VERBOSE] [DOM] Input elements should have autocomplete attributes (suggested: "current-password"): (More info: https://goo.gl/9p2vKq) %o @ http://localhost:3000/login:0
[   25251ms] [VERBOSE] [DOM] Input elements should have autocomplete attributes (suggested: "new-password"): (More info: https://goo.gl/9p2vKq) @ http://localhost:3000/change-password:0
[   25251ms] [VERBOSE] [DOM] Input elements should have autocomplete attributes (suggested: "new-password"): (More info: https://goo.gl/9p2vKq) @ http://localhost:3000/change-password:0
[   26037ms] [ERROR] Failed to load resource: net::ERR_CONNECTION_REFUSED @ http://localhost:8080/api/v1/dashboard/summary?cycle=2026-H1:0
[   26037ms] [ERROR] Failed to load resource: net::ERR_CONNECTION_REFUSED @ http://localhost:8080/api/v1/dashboard/heatmap?cycle=2026-H1:0
[   26037ms] [ERROR] Failed to load resource: net::ERR_CONNECTION_REFUSED @ http://localhost:8080/api/v1/risks/trend:0
[   26037ms] [ERROR] Failed to load resource: net::ERR_CONNECTION_REFUSED @ http://localhost:8080/api/v1/dashboard/action-pressure?interval=month&window=6:0
[   26038ms] [ERROR] Failed to load resource: net::ERR_CONNECTION_REFUSED @ http://localhost:8080/api/v1/dashboard/risk-categories?cycle=2026-H1:0
[   26038ms] [ERROR] Failed to load resource: net::ERR_CONNECTION_REFUSED @ http://localhost:8080/api/v1/dashboard/top-risks?cycle=2026-H1:0
[   26038ms] [ERROR] Failed to load resource: net::ERR_CONNECTION_REFUSED @ http://localhost:8080/api/v1/risks/compare?from=2025-H2&to=2026-H1:0
[   26039ms] [ERROR] Failed to load resource: net::ERR_CONNECTION_REFUSED @ http://localhost:8080/api/v1/dashboard/heatmap-velocity?from=2025-H2&to=2026-H1:0
[   26039ms] [ERROR] TypeError: Failed to fetch
    at o (http://localhost:3000/_next/static/chunks/a74aa066c138f629.js:1:506)
    at Object.get (http://localhost:3000/_next/static/chunks/a74aa066c138f629.js:1:965)
    at http://localhost:3000/_next/static/chunks/90db5213b1a8028d.js:1:56409
    at ih (http://localhost:3000/_next/static/chunks/e9ab39bb7684f2ba.js:1:102174)
    at e (http://localhost:3000/_next/static/chunks/e9ab39bb7684f2ba.js:1:127147)
    at e (http://localhost:3000/_next/static/chunks/e9ab39bb7684f2ba.js:1:127134)
    at e (http://localhost:3000/_next/static/chunks/e9ab39bb7684f2ba.js:1:127392)
    at e (http://localhost:3000/_next/static/chunks/e9ab39bb7684f2ba.js:1:127392)
    at e (http://localhost:3000/_next/static/chunks/e9ab39bb7684f2ba.js:1:127134)
    at e (http://localhost:3000/_next/static/chunks/e9ab39bb7684f2ba.js:1:127392) @ http://localhost:3000/_next/static/chunks/90db5213b1a8028d.js:0
[   26039ms] [ERROR] TypeError: Failed to fetch
    at o (http://localhost:3000/_next/static/chunks/a74aa066c138f629.js:1:506)
    at Object.get (http://localhost:3000/_next/static/chunks/a74aa066c138f629.js:1:965)
    at http://localhost:3000/_next/static/chunks/90db5213b1a8028d.js:1:56455
    at ih (http://localhost:3000/_next/static/chunks/e9ab39bb7684f2ba.js:1:102174)
    at e (http://localhost:3000/_next/static/chunks/e9ab39bb7684f2ba.js:1:127147)
    at e (http://localhost:3000/_next/static/chunks/e9ab39bb7684f2ba.js:1:127134)
    at e (http://localhost:3000/_next/static/chunks/e9ab39bb7684f2ba.js:1:127392)
    at e (http://localhost:3000/_next/static/chunks/e9ab39bb7684f2ba.js:1:127392)
    at e (http://localhost:3000/_next/static/chunks/e9ab39bb7684f2ba.js:1:127134)
    at e (http://localhost:3000/_next/static/chunks/e9ab39bb7684f2ba.js:1:127392) @ http://localhost:3000/_next/static/chunks/90db5213b1a8028d.js:0
[   26039ms] [ERROR] TypeError: Failed to fetch
    at o (http://localhost:3000/_next/static/chunks/a74aa066c138f629.js:1:506)
    at Object.get (http://localhost:3000/_next/static/chunks/a74aa066c138f629.js:1:965)
    at http://localhost:3000/_next/static/chunks/90db5213b1a8028d.js:1:56501
    at ih (http://localhost:3000/_next/static/chunks/e9ab39bb7684f2ba.js:1:102174)
    at e (http://localhost:3000/_next/static/chunks/e9ab39bb7684f2ba.js:1:127147)
    at e (http://localhost:3000/_next/static/chunks/e9ab39bb7684f2ba.js:1:127134)
    at e (http://localhost:3000/_next/static/chunks/e9ab39bb7684f2ba.js:1:127392)
    at e (http://localhost:3000/_next/static/chunks/e9ab39bb7684f2ba.js:1:127392)
    at e (http://localhost:3000/_next/static/chunks/e9ab39bb7684f2ba.js:1:127134)
    at e (http://localhost:3000/_next/static/chunks/e9ab39bb7684f2ba.js:1:127392) @ http://localhost:3000/_next/static/chunks/90db5213b1a8028d.js:0
[   26040ms] [ERROR] TypeError: Failed to fetch
    at o (http://localhost:3000/_next/static/chunks/a74aa066c138f629.js:1:506)
    at Object.get (http://localhost:3000/_next/static/chunks/a74aa066c138f629.js:1:965)
    at http://localhost:3000/_next/static/chunks/90db5213b1a8028d.js:1:56529
    at ih (http://localhost:3000/_next/static/chunks/e9ab39bb7684f2ba.js:1:102174)
    at e (http://localhost:3000/_next/static/chunks/e9ab39bb7684f2ba.js:1:127147)
    at e (http://localhost:3000/_next/static/chunks/e9ab39bb7684f2ba.js:1:127134)
    at e (http://localhost:3000/_next/static/chunks/e9ab39bb7684f2ba.js:1:127392)
    at e (http://localhost:3000/_next/static/chunks/e9ab39bb7684f2ba.js:1:127392)
    at e (http://localhost:3000/_next/static/chunks/e9ab39bb7684f2ba.js:1:127134)
    at e (http://localhost:3000/_next/static/chunks/e9ab39bb7684f2ba.js:1:127392) @ http://localhost:3000/_next/static/chunks/90db5213b1a8028d.js:0
[   26040ms] [ERROR] TypeError: Failed to fetch
    at o (http://localhost:3000/_next/static/chunks/a74aa066c138f629.js:1:506)
    at Object.get (http://localhost:3000/_next/static/chunks/a74aa066c138f629.js:1:965)
    at http://localhost:3000/_next/static/chunks/90db5213b1a8028d.js:1:56595
    at ih (http://localhost:3000/_next/static/chunks/e9ab39bb7684f2ba.js:1:102174)
    at e (http://localhost:3000/_next/static/chunks/e9ab39bb7684f2ba.js:1:127147)
    at e (http://localhost:3000/_next/static/chunks/e9ab39bb7684f2ba.js:1:127134)
    at e (http://localhost:3000/_next/static/chunks/e9ab39bb7684f2ba.js:1:127392)
    at e (http://localhost:3000/_next/static/chunks/e9ab39bb7684f2ba.js:1:127392)
    at e (http://localhost:3000/_next/static/chunks/e9ab39bb7684f2ba.js:1:127134)
    at e (http://localhost:3000/_next/static/chunks/e9ab39bb7684f2ba.js:1:127392) @ http://localhost:3000/_next/static/chunks/90db5213b1a8028d.js:0
[   26040ms] [ERROR] TypeError: Failed to fetch
    at o (http://localhost:3000/_next/static/chunks/a74aa066c138f629.js:1:506)
    at Object.get (http://localhost:3000/_next/static/chunks/a74aa066c138f629.js:1:965)
    at http://localhost:3000/_next/static/chunks/90db5213b1a8028d.js:1:56649
    at ih (http://localhost:3000/_next/static/chunks/e9ab39bb7684f2ba.js:1:102174)
    at e (http://localhost:3000/_next/static/chunks/e9ab39bb7684f2ba.js:1:127147)
    at e (http://localhost:3000/_next/static/chunks/e9ab39bb7684f2ba.js:1:127134)
    at e (http://localhost:3000/_next/static/chunks/e9ab39bb7684f2ba.js:1:127392)
    at e (http://localhost:3000/_next/static/chunks/e9ab39bb7684f2ba.js:1:127392)
    at e (http://localhost:3000/_next/static/chunks/e9ab39bb7684f2ba.js:1:127134)
    at e (http://localhost:3000/_next/static/chunks/e9ab39bb7684f2ba.js:1:127392) @ http://localhost:3000/_next/static/chunks/90db5213b1a8028d.js:0
[   26040ms] [ERROR] TypeError: Failed to fetch
    at o (http://localhost:3000/_next/static/chunks/a74aa066c138f629.js:1:506)
    at Object.get (http://localhost:3000/_next/static/chunks/a74aa066c138f629.js:1:965)
    at http://localhost:3000/_next/static/chunks/90db5213b1a8028d.js:1:56697
    at ih (http://localhost:3000/_next/static/chunks/e9ab39bb7684f2ba.js:1:102174)
    at e (http://localhost:3000/_next/static/chunks/e9ab39bb7684f2ba.js:1:127147)
    at e (http://localhost:3000/_next/static/chunks/e9ab39bb7684f2ba.js:1:127134)
    at e (http://localhost:3000/_next/static/chunks/e9ab39bb7684f2ba.js:1:127392)
    at e (http://localhost:3000/_next/static/chunks/e9ab39bb7684f2ba.js:1:127392)
    at e (http://localhost:3000/_next/static/chunks/e9ab39bb7684f2ba.js:1:127134)
    at e (http://localhost:3000/_next/static/chunks/e9ab39bb7684f2ba.js:1:127392) @ http://localhost:3000/_next/static/chunks/90db5213b1a8028d.js:0
[   26040ms] [ERROR] TypeError: Failed to fetch
    at o (http://localhost:3000/_next/static/chunks/a74aa066c138f629.js:1:506)
    at Object.get (http://localhost:3000/_next/static/chunks/a74aa066c138f629.js:1:965)
    at http://localhost:3000/_next/static/chunks/90db5213b1a8028d.js:1:56747
    at ih (http://localhost:3000/_next/static/chunks/e9ab39bb7684f2ba.js:1:102174)
    at e (http://localhost:3000/_next/static/chunks/e9ab39bb7684f2ba.js:1:127147)
    at e (http://localhost:3000/_next/static/chunks/e9ab39bb7684f2ba.js:1:127134)
    at e (http://localhost:3000/_next/static/chunks/e9ab39bb7684f2ba.js:1:127392)
    at e (http://localhost:3000/_next/static/chunks/e9ab39bb7684f2ba.js:1:127392)
    at e (http://localhost:3000/_next/static/chunks/e9ab39bb7684f2ba.js:1:127134)
    at e (http://localhost:3000/_next/static/chunks/e9ab39bb7684f2ba.js:1:127392) @ http://localhost:3000/_next/static/chunks/90db5213b1a8028d.js:0
