[     188ms] [VERBOSE] [DOM] Input elements should have autocomplete attributes (suggested: "current-password"): (More info: https://goo.gl/9p2vKq) %o @ http://localhost:3000/login:0
[     666ms] [ERROR] Failed to load resource: net::ERR_CONNECTION_REFUSED @ http://localhost:8080/api/v1/dashboard/summary?cycle=2026-H1:0
[     666ms] [ERROR] Failed to load resource: net::ERR_CONNECTION_REFUSED @ http://localhost:8080/api/v1/dashboard/heatmap?cycle=2026-H1:0
[     666ms] [ERROR] Failed to load resource: net::ERR_CONNECTION_REFUSED @ http://localhost:8080/api/v1/risks/trend:0
[     666ms] [ERROR] Failed to load resource: net::ERR_CONNECTION_REFUSED @ http://localhost:8080/api/v1/dashboard/action-pressure?interval=month&window=6:0
[     668ms] [ERROR] Failed to load resource: net::ERR_CONNECTION_REFUSED @ http://localhost:8080/api/v1/dashboard/risk-categories?cycle=2026-H1:0
[     669ms] [ERROR] Failed to load resource: net::ERR_CONNECTION_REFUSED @ http://localhost:8080/api/v1/dashboard/top-risks?cycle=2026-H1:0
[     669ms] [ERROR] Failed to load resource: net::ERR_CONNECTION_REFUSED @ http://localhost:8080/api/v1/risks/compare?from=2025-H2&to=2026-H1:0
[     670ms] [ERROR] Failed to load resource: net::ERR_CONNECTION_REFUSED @ http://localhost:8080/api/v1/dashboard/heatmap-velocity?from=2025-H2&to=2026-H1:0
[     670ms] [ERROR] TypeError: Failed to fetch
    at o (http://localhost:3000/_next/static/chunks/a74aa066c138f629.js:1:506)
    at Object.get (http://localhost:3000/_next/static/chunks/a74aa066c138f629.js:1:965)
    at http://localhost:3000/_next/static/chunks/90db5213b1a8028d.js:1:56409
    at ih (http://localhost:3000/_next/static/chunks/e9ab39bb7684f2ba.js:1:102174)
    at e (http://localhost:3000/_next/static/chunks/e9ab39bb7684f2ba.js:1:127147)
    at e (http://localhost:3000/_next/static/chunks/e9ab39bb7684f2ba.js:1:127134)
    at e (http://localhost:3000/_next/static/chunks/e9ab39bb7684f2ba.js:1:127392)
    at e (http://localhost:3000/_next/static/chunks/e9ab39bb7684f2ba.js:1:127392)
    at e (http://localhost:3000/_next/static/chunks/e9ab39bb7684f2ba.js:1:127134)
    at e (http://localhost:3000/_next/static/chunks/e9ab39bb7684f2ba.js:1:127392) @ http://localhost:3000/_next/static/chunks/90db5213b1a8028d.js:0
[     671ms] [ERROR] TypeError: Failed to fetch
    at o (http://localhost:3000/_next/static/chunks/a74aa066c138f629.js:1:506)
    at Object.get (http://localhost:3000/_next/static/chunks/a74aa066c138f629.js:1:965)
    at http://localhost:3000/_next/static/chunks/90db5213b1a8028d.js:1:56455
    at ih (http://localhost:3000/_next/static/chunks/e9ab39bb7684f2ba.js:1:102174)
    at e (http://localhost:3000/_next/static/chunks/e9ab39bb7684f2ba.js:1:127147)
    at e (http://localhost:3000/_next/static/chunks/e9ab39bb7684f2ba.js:1:127134)
    at e (http://localhost:3000/_next/static/chunks/e9ab39bb7684f2ba.js:1:127392)
    at e (http://localhost:3000/_next/static/chunks/e9ab39bb7684f2ba.js:1:127392)
    at e (http://localhost:3000/_next/static/chunks/e9ab39bb7684f2ba.js:1:127134)
    at e (http://localhost:3000/_next/static/chunks/e9ab39bb7684f2ba.js:1:127392) @ http://localhost:3000/_next/static/chunks/90db5213b1a8028d.js:0
[     671ms] [ERROR] TypeError: Failed to fetch
    at o (http://localhost:3000/_next/static/chunks/a74aa066c138f629.js:1:506)
    at Object.get (http://localhost:3000/_next/static/chunks/a74aa066c138f629.js:1:965)
    at http://localhost:3000/_next/static/chunks/90db5213b1a8028d.js:1:56501
    at ih (http://localhost:3000/_next/static/chunks/e9ab39bb7684f2ba.js:1:102174)
    at e (http://localhost:3000/_next/static/chunks/e9ab39bb7684f2ba.js:1:127147)
    at e (http://localhost:3000/_next/static/chunks/e9ab39bb7684f2ba.js:1:127134)
    at e (http://localhost:3000/_next/static/chunks/e9ab39bb7684f2ba.js:1:127392)
    at e (http://localhost:3000/_next/static/chunks/e9ab39bb7684f2ba.js:1:127392)
    at e (http://localhost:3000/_next/static/chunks/e9ab39bb7684f2ba.js:1:127134)
    at e (http://localhost:3000/_next/static/chunks/e9ab39bb7684f2ba.js:1:127392) @ http://localhost:3000/_next/static/chunks/90db5213b1a8028d.js:0
[     671ms] [ERROR] TypeError: Failed to fetch
    at o (http://localhost:3000/_next/static/chunks/a74aa066c138f629.js:1:506)
    at Object.get (http://localhost:3000/_next/static/chunks/a74aa066c138f629.js:1:965)
    at http://localhost:3000/_next/static/chunks/90db5213b1a8028d.js:1:56529
    at ih (http://localhost:3000/_next/static/chunks/e9ab39bb7684f2ba.js:1:102174)
    at e (http://localhost:3000/_next/static/chunks/e9ab39bb7684f2ba.js:1:127147)
    at e (http://localhost:3000/_next/static/chunks/e9ab39bb7684f2ba.js:1:127134)
    at e (http://localhost:3000/_next/static/chunks/e9ab39bb7684f2ba.js:1:127392)
    at e (http://localhost:3000/_next/static/chunks/e9ab39bb7684f2ba.js:1:127392)
    at e (http://localhost:3000/_next/static/chunks/e9ab39bb7684f2ba.js:1:127134)
    at e (http://localhost:3000/_next/static/chunks/e9ab39bb7684f2ba.js:1:127392) @ http://localhost:3000/_next/static/chunks/90db5213b1a8028d.js:0
[     671ms] [ERROR] TypeError: Failed to fetch
    at o (http://localhost:3000/_next/static/chunks/a74aa066c138f629.js:1:506)
    at Object.get (http://localhost:3000/_next/static/chunks/a74aa066c138f629.js:1:965)
    at http://localhost:3000/_next/static/chunks/90db5213b1a8028d.js:1:56595
    at ih (http://localhost:3000/_next/static/chunks/e9ab39bb7684f2ba.js:1:102174)
    at e (http://localhost:3000/_next/static/chunks/e9ab39bb7684f2ba.js:1:127147)
    at e (http://localhost:3000/_next/static/chunks/e9ab39bb7684f2ba.js:1:127134)
    at e (http://localhost:3000/_next/static/chunks/e9ab39bb7684f2ba.js:1:127392)
    at e (http://localhost:3000/_next/static/chunks/e9ab39bb7684f2ba.js:1:127392)
    at e (http://localhost:3000/_next/static/chunks/e9ab39bb7684f2ba.js:1:127134)
    at e (http://localhost:3000/_next/static/chunks/e9ab39bb7684f2ba.js:1:127392) @ http://localhost:3000/_next/static/chunks/90db5213b1a8028d.js:0
[     671ms] [ERROR] TypeError: Failed to fetch
    at o (http://localhost:3000/_next/static/chunks/a74aa066c138f629.js:1:506)
    at Object.get (http://localhost:3000/_next/static/chunks/a74aa066c138f629.js:1:965)
    at http://localhost:3000/_next/static/chunks/90db5213b1a8028d.js:1:56649
    at ih (http://localhost:3000/_next/static/chunks/e9ab39bb7684f2ba.js:1:102174)
    at e (http://localhost:3000/_next/static/chunks/e9ab39bb7684f2ba.js:1:127147)
    at e (http://localhost:3000/_next/static/chunks/e9ab39bb7684f2ba.js:1:127134)
    at e (http://localhost:3000/_next/static/chunks/e9ab39bb7684f2ba.js:1:127392)
    at e (http://localhost:3000/_next/static/chunks/e9ab39bb7684f2ba.js:1:127392)
    at e (http://localhost:3000/_next/static/chunks/e9ab39bb7684f2ba.js:1:127134)
    at e (http://localhost:3000/_next/static/chunks/e9ab39bb7684f2ba.js:1:127392) @ http://localhost:3000/_next/static/chunks/90db5213b1a8028d.js:0
[     671ms] [ERROR] TypeError: Failed to fetch
    at o (http://localhost:3000/_next/static/chunks/a74aa066c138f629.js:1:506)
    at Object.get (http://localhost:3000/_next/static/chunks/a74aa066c138f629.js:1:965)
    at http://localhost:3000/_next/static/chunks/90db5213b1a8028d.js:1:56697
    at ih (http://localhost:3000/_next/static/chunks/e9ab39bb7684f2ba.js:1:102174)
    at e (http://localhost:3000/_next/static/chunks/e9ab39bb7684f2ba.js:1:127147)
    at e (http://localhost:3000/_next/static/chunks/e9ab39bb7684f2ba.js:1:127134)
    at e (http://localhost:3000/_next/static/chunks/e9ab39bb7684f2ba.js:1:127392)
    at e (http://localhost:3000/_next/static/chunks/e9ab39bb7684f2ba.js:1:127392)
    at e (http://localhost:3000/_next/static/chunks/e9ab39bb7684f2ba.js:1:127134)
    at e (http://localhost:3000/_next/static/chunks/e9ab39bb7684f2ba.js:1:127392) @ http://localhost:3000/_next/static/chunks/90db5213b1a8028d.js:0
[     671ms] [ERROR] TypeError: Failed to fetch
    at o (http://localhost:3000/_next/static/chunks/a74aa066c138f629.js:1:506)
    at Object.get (http://localhost:3000/_next/static/chunks/a74aa066c138f629.js:1:965)
    at http://localhost:3000/_next/static/chunks/90db5213b1a8028d.js:1:56747
    at ih (http://localhost:3000/_next/static/chunks/e9ab39bb7684f2ba.js:1:102174)
    at e (http://localhost:3000/_next/static/chunks/e9ab39bb7684f2ba.js:1:127147)
    at e (http://localhost:3000/_next/static/chunks/e9ab39bb7684f2ba.js:1:127134)
    at e (http://localhost:3000/_next/static/chunks/e9ab39bb7684f2ba.js:1:127392)
    at e (http://localhost:3000/_next/static/chunks/e9ab39bb7684f2ba.js:1:127392)
    at e (http://localhost:3000/_next/static/chunks/e9ab39bb7684f2ba.js:1:127134)
    at e (http://localhost:3000/_next/static/chunks/e9ab39bb7684f2ba.js:1:127392) @ http://localhost:3000/_next/static/chunks/90db5213b1a8028d.js:0
[   55012ms] [VERBOSE] [DOM] Input elements should have autocomplete attributes (suggested: "current-password"): (More info: https://goo.gl/9p2vKq) %o @ http://localhost:3000/login:0
[   55398ms] [ERROR] Failed to load resource: net::ERR_CONNECTION_REFUSED @ http://localhost:8080/api/v1/dashboard/summary?cycle=2026-H1:0
[   55399ms] [ERROR] Failed to load resource: net::ERR_CONNECTION_REFUSED @ http://localhost:8080/api/v1/dashboard/heatmap?cycle=2026-H1:0
[   55399ms] [ERROR] Failed to load resource: net::ERR_CONNECTION_REFUSED @ http://localhost:8080/api/v1/risks/trend:0
[   55400ms] [ERROR] Failed to load resource: net::ERR_CONNECTION_REFUSED @ http://localhost:8080/api/v1/dashboard/action-pressure?interval=month&window=6:0
[   55400ms] [ERROR] Failed to load resource: net::ERR_CONNECTION_REFUSED @ http://localhost:8080/api/v1/dashboard/risk-categories?cycle=2026-H1:0
[   55401ms] [ERROR] Failed to load resource: net::ERR_CONNECTION_REFUSED @ http://localhost:8080/api/v1/dashboard/top-risks?cycle=2026-H1:0
[   55402ms] [ERROR] Failed to load resource: net::ERR_CONNECTION_REFUSED @ http://localhost:8080/api/v1/risks/compare?from=2025-H2&to=2026-H1:0
[   55402ms] [ERROR] Failed to load resource: net::ERR_CONNECTION_REFUSED @ http://localhost:8080/api/v1/dashboard/heatmap-velocity?from=2025-H2&to=2026-H1:0
[   55402ms] [ERROR] TypeError: Failed to fetch
    at o (http://localhost:3000/_next/static/chunks/a74aa066c138f629.js:1:506)
    at Object.get (http://localhost:3000/_next/static/chunks/a74aa066c138f629.js:1:965)
    at http://localhost:3000/_next/static/chunks/90db5213b1a8028d.js:1:56409
    at ih (http://localhost:3000/_next/static/chunks/e9ab39bb7684f2ba.js:1:102174)
    at e (http://localhost:3000/_next/static/chunks/e9ab39bb7684f2ba.js:1:127147)
    at e (http://localhost:3000/_next/static/chunks/e9ab39bb7684f2ba.js:1:127134)
    at e (http://localhost:3000/_next/static/chunks/e9ab39bb7684f2ba.js:1:127392)
    at e (http://localhost:3000/_next/static/chunks/e9ab39bb7684f2ba.js:1:127392)
    at e (http://localhost:3000/_next/static/chunks/e9ab39bb7684f2ba.js:1:127134)
    at e (http://localhost:3000/_next/static/chunks/e9ab39bb7684f2ba.js:1:127392) @ http://localhost:3000/_next/static/chunks/90db5213b1a8028d.js:0
[   55402ms] [ERROR] TypeError: Failed to fetch
    at o (http://localhost:3000/_next/static/chunks/a74aa066c138f629.js:1:506)
    at Object.get (http://localhost:3000/_next/static/chunks/a74aa066c138f629.js:1:965)
    at http://localhost:3000/_next/static/chunks/90db5213b1a8028d.js:1:56455
    at ih (http://localhost:3000/_next/static/chunks/e9ab39bb7684f2ba.js:1:102174)
    at e (http://localhost:3000/_next/static/chunks/e9ab39bb7684f2ba.js:1:127147)
    at e (http://localhost:3000/_next/static/chunks/e9ab39bb7684f2ba.js:1:127134)
    at e (http://localhost:3000/_next/static/chunks/e9ab39bb7684f2ba.js:1:127392)
    at e (http://localhost:3000/_next/static/chunks/e9ab39bb7684f2ba.js:1:127392)
    at e (http://localhost:3000/_next/static/chunks/e9ab39bb7684f2ba.js:1:127134)
    at e (http://localhost:3000/_next/static/chunks/e9ab39bb7684f2ba.js:1:127392) @ http://localhost:3000/_next/static/chunks/90db5213b1a8028d.js:0
[   55402ms] [ERROR] TypeError: Failed to fetch
    at o (http://localhost:3000/_next/static/chunks/a74aa066c138f629.js:1:506)
    at Object.get (http://localhost:3000/_next/static/chunks/a74aa066c138f629.js:1:965)
    at http://localhost:3000/_next/static/chunks/90db5213b1a8028d.js:1:56501
    at ih (http://localhost:3000/_next/static/chunks/e9ab39bb7684f2ba.js:1:102174)
    at e (http://localhost:3000/_next/static/chunks/e9ab39bb7684f2ba.js:1:127147)
    at e (http://localhost:3000/_next/static/chunks/e9ab39bb7684f2ba.js:1:127134)
    at e (http://localhost:3000/_next/static/chunks/e9ab39bb7684f2ba.js:1:127392)
    at e (http://localhost:3000/_next/static/chunks/e9ab39bb7684f2ba.js:1:127392)
    at e (http://localhost:3000/_next/static/chunks/e9ab39bb7684f2ba.js:1:127134)
    at e (http://localhost:3000/_next/static/chunks/e9ab39bb7684f2ba.js:1:127392) @ http://localhost:3000/_next/static/chunks/90db5213b1a8028d.js:0
[   55403ms] [ERROR] TypeError: Failed to fetch
    at o (http://localhost:3000/_next/static/chunks/a74aa066c138f629.js:1:506)
    at Object.get (http://localhost:3000/_next/static/chunks/a74aa066c138f629.js:1:965)
    at http://localhost:3000/_next/static/chunks/90db5213b1a8028d.js:1:56529
    at ih (http://localhost:3000/_next/static/chunks/e9ab39bb7684f2ba.js:1:102174)
    at e (http://localhost:3000/_next/static/chunks/e9ab39bb7684f2ba.js:1:127147)
    at e (http://localhost:3000/_next/static/chunks/e9ab39bb7684f2ba.js:1:127134)
    at e (http://localhost:3000/_next/static/chunks/e9ab39bb7684f2ba.js:1:127392)
    at e (http://localhost:3000/_next/static/chunks/e9ab39bb7684f2ba.js:1:127392)
    at e (http://localhost:3000/_next/static/chunks/e9ab39bb7684f2ba.js:1:127134)
    at e (http://localhost:3000/_next/static/chunks/e9ab39bb7684f2ba.js:1:127392) @ http://localhost:3000/_next/static/chunks/90db5213b1a8028d.js:0
[   55403ms] [ERROR] TypeError: Failed to fetch
    at o (http://localhost:3000/_next/static/chunks/a74aa066c138f629.js:1:506)
    at Object.get (http://localhost:3000/_next/static/chunks/a74aa066c138f629.js:1:965)
    at http://localhost:3000/_next/static/chunks/90db5213b1a8028d.js:1:56595
    at ih (http://localhost:3000/_next/static/chunks/e9ab39bb7684f2ba.js:1:102174)
    at e (http://localhost:3000/_next/static/chunks/e9ab39bb7684f2ba.js:1:127147)
    at e (http://localhost:3000/_next/static/chunks/e9ab39bb7684f2ba.js:1:127134)
    at e (http://localhost:3000/_next/static/chunks/e9ab39bb7684f2ba.js:1:127392)
    at e (http://localhost:3000/_next/static/chunks/e9ab39bb7684f2ba.js:1:127392)
    at e (http://localhost:3000/_next/static/chunks/e9ab39bb7684f2ba.js:1:127134)
    at e (http://localhost:3000/_next/static/chunks/e9ab39bb7684f2ba.js:1:127392) @ http://localhost:3000/_next/static/chunks/90db5213b1a8028d.js:0
[   55403ms] [ERROR] TypeError: Failed to fetch
    at o (http://localhost:3000/_next/static/chunks/a74aa066c138f629.js:1:506)
    at Object.get (http://localhost:3000/_next/static/chunks/a74aa066c138f629.js:1:965)
    at http://localhost:3000/_next/static/chunks/90db5213b1a8028d.js:1:56649
    at ih (http://localhost:3000/_next/static/chunks/e9ab39bb7684f2ba.js:1:102174)
    at e (http://localhost:3000/_next/static/chunks/e9ab39bb7684f2ba.js:1:127147)
    at e (http://localhost:3000/_next/static/chunks/e9ab39bb7684f2ba.js:1:127134)
    at e (http://localhost:3000/_next/static/chunks/e9ab39bb7684f2ba.js:1:127392)
    at e (http://localhost:3000/_next/static/chunks/e9ab39bb7684f2ba.js:1:127392)
    at e (http://localhost:3000/_next/static/chunks/e9ab39bb7684f2ba.js:1:127134)
    at e (http://localhost:3000/_next/static/chunks/e9ab39bb7684f2ba.js:1:127392) @ http://localhost:3000/_next/static/chunks/90db5213b1a8028d.js:0
[   55403ms] [ERROR] TypeError: Failed to fetch
    at o (http://localhost:3000/_next/static/chunks/a74aa066c138f629.js:1:506)
    at Object.get (http://localhost:3000/_next/static/chunks/a74aa066c138f629.js:1:965)
    at http://localhost:3000/_next/static/chunks/90db5213b1a8028d.js:1:56697
    at ih (http://localhost:3000/_next/static/chunks/e9ab39bb7684f2ba.js:1:102174)
    at e (http://localhost:3000/_next/static/chunks/e9ab39bb7684f2ba.js:1:127147)
    at e (http://localhost:3000/_next/static/chunks/e9ab39bb7684f2ba.js:1:127134)
    at e (http://localhost:3000/_next/static/chunks/e9ab39bb7684f2ba.js:1:127392)
    at e (http://localhost:3000/_next/static/chunks/e9ab39bb7684f2ba.js:1:127392)
    at e (http://localhost:3000/_next/static/chunks/e9ab39bb7684f2ba.js:1:127134)
    at e (http://localhost:3000/_next/static/chunks/e9ab39bb7684f2ba.js:1:127392) @ http://localhost:3000/_next/static/chunks/90db5213b1a8028d.js:0
[   55403ms] [ERROR] TypeError: Failed to fetch
    at o (http://localhost:3000/_next/static/chunks/a74aa066c138f629.js:1:506)
    at Object.get (http://localhost:3000/_next/static/chunks/a74aa066c138f629.js:1:965)
    at http://localhost:3000/_next/static/chunks/90db5213b1a8028d.js:1:56747
    at ih (http://localhost:3000/_next/static/chunks/e9ab39bb7684f2ba.js:1:102174)
    at e (http://localhost:3000/_next/static/chunks/e9ab39bb7684f2ba.js:1:127147)
    at e (http://localhost:3000/_next/static/chunks/e9ab39bb7684f2ba.js:1:127134)
    at e (http://localhost:3000/_next/static/chunks/e9ab39bb7684f2ba.js:1:127392)
    at e (http://localhost:3000/_next/static/chunks/e9ab39bb7684f2ba.js:1:127392)
    at e (http://localhost:3000/_next/static/chunks/e9ab39bb7684f2ba.js:1:127134)
    at e (http://localhost:3000/_next/static/chunks/e9ab39bb7684f2ba.js:1:127392) @ http://localhost:3000/_next/static/chunks/90db5213b1a8028d.js:0
[  119620ms] [VERBOSE] [DOM] Input elements should have autocomplete attributes (suggested: "current-password"): (More info: https://goo.gl/9p2vKq) %o @ http://localhost:3000/:0
[  119756ms] [VERBOSE] [DOM] Input elements should have autocomplete attributes (suggested: "current-password"): (More info: https://goo.gl/9p2vKq) %o @ http://localhost:3000/login:0
[  120119ms] [ERROR] Failed to load resource: net::ERR_CONNECTION_REFUSED @ http://localhost:8080/api/v1/dashboard/summary?cycle=2026-H1:0
[  120120ms] [ERROR] Failed to load resource: net::ERR_CONNECTION_REFUSED @ http://localhost:8080/api/v1/dashboard/heatmap?cycle=2026-H1:0
[  120120ms] [ERROR] Failed to load resource: net::ERR_CONNECTION_REFUSED @ http://localhost:8080/api/v1/risks/trend:0
[  120120ms] [ERROR] Failed to load resource: net::ERR_CONNECTION_REFUSED @ http://localhost:8080/api/v1/dashboard/action-pressure?interval=month&window=6:0
[  120121ms] [ERROR] Failed to load resource: net::ERR_CONNECTION_REFUSED @ http://localhost:8080/api/v1/dashboard/risk-categories?cycle=2026-H1:0
[  120121ms] [ERROR] Failed to load resource: net::ERR_CONNECTION_REFUSED @ http://localhost:8080/api/v1/dashboard/top-risks?cycle=2026-H1:0
[  120123ms] [ERROR] Failed to load resource: net::ERR_CONNECTION_REFUSED @ http://localhost:8080/api/v1/risks/compare?from=2025-H2&to=2026-H1:0
[  120123ms] [ERROR] Failed to load resource: net::ERR_CONNECTION_REFUSED @ http://localhost:8080/api/v1/dashboard/heatmap-velocity?from=2025-H2&to=2026-H1:0
[  120123ms] [ERROR] TypeError: Failed to fetch
    at o (http://localhost:3000/_next/static/chunks/a74aa066c138f629.js:1:506)
    at Object.get (http://localhost:3000/_next/static/chunks/a74aa066c138f629.js:1:965)
    at http://localhost:3000/_next/static/chunks/90db5213b1a8028d.js:1:56409
    at ih (http://localhost:3000/_next/static/chunks/e9ab39bb7684f2ba.js:1:102174)
    at e (http://localhost:3000/_next/static/chunks/e9ab39bb7684f2ba.js:1:127147)
    at e (http://localhost:3000/_next/static/chunks/e9ab39bb7684f2ba.js:1:127134)
    at e (http://localhost:3000/_next/static/chunks/e9ab39bb7684f2ba.js:1:127392)
    at e (http://localhost:3000/_next/static/chunks/e9ab39bb7684f2ba.js:1:127392)
    at e (http://localhost:3000/_next/static/chunks/e9ab39bb7684f2ba.js:1:127134)
    at e (http://localhost:3000/_next/static/chunks/e9ab39bb7684f2ba.js:1:127392) @ http://localhost:3000/_next/static/chunks/90db5213b1a8028d.js:0
[  120123ms] [ERROR] TypeError: Failed to fetch
    at o (http://localhost:3000/_next/static/chunks/a74aa066c138f629.js:1:506)
    at Object.get (http://localhost:3000/_next/static/chunks/a74aa066c138f629.js:1:965)
    at http://localhost:3000/_next/static/chunks/90db5213b1a8028d.js:1:56455
    at ih (http://localhost:3000/_next/static/chunks/e9ab39bb7684f2ba.js:1:102174)
    at e (http://localhost:3000/_next/static/chunks/e9ab39bb7684f2ba.js:1:127147)
    at e (http://localhost:3000/_next/static/chunks/e9ab39bb7684f2ba.js:1:127134)
    at e (http://localhost:3000/_next/static/chunks/e9ab39bb7684f2ba.js:1:127392)
    at e (http://localhost:3000/_next/static/chunks/e9ab39bb7684f2ba.js:1:127392)
    at e (http://localhost:3000/_next/static/chunks/e9ab39bb7684f2ba.js:1:127134)
    at e (http://localhost:3000/_next/static/chunks/e9ab39bb7684f2ba.js:1:127392) @ http://localhost:3000/_next/static/chunks/90db5213b1a8028d.js:0
[  120123ms] [ERROR] TypeError: Failed to fetch
    at o (http://localhost:3000/_next/static/chunks/a74aa066c138f629.js:1:506)
    at Object.get (http://localhost:3000/_next/static/chunks/a74aa066c138f629.js:1:965)
    at http://localhost:3000/_next/static/chunks/90db5213b1a8028d.js:1:56501
    at ih (http://localhost:3000/_next/static/chunks/e9ab39bb7684f2ba.js:1:102174)
    at e (http://localhost:3000/_next/static/chunks/e9ab39bb7684f2ba.js:1:127147)
    at e (http://localhost:3000/_next/static/chunks/e9ab39bb7684f2ba.js:1:127134)
    at e (http://localhost:3000/_next/static/chunks/e9ab39bb7684f2ba.js:1:127392)
    at e (http://localhost:3000/_next/static/chunks/e9ab39bb7684f2ba.js:1:127392)
    at e (http://localhost:3000/_next/static/chunks/e9ab39bb7684f2ba.js:1:127134)
    at e (http://localhost:3000/_next/static/chunks/e9ab39bb7684f2ba.js:1:127392) @ http://localhost:3000/_next/static/chunks/90db5213b1a8028d.js:0
[  120123ms] [ERROR] TypeError: Failed to fetch
    at o (http://localhost:3000/_next/static/chunks/a74aa066c138f629.js:1:506)
    at Object.get (http://localhost:3000/_next/static/chunks/a74aa066c138f629.js:1:965)
    at http://localhost:3000/_next/static/chunks/90db5213b1a8028d.js:1:56529
    at ih (http://localhost:3000/_next/static/chunks/e9ab39bb7684f2ba.js:1:102174)
    at e (http://localhost:3000/_next/static/chunks/e9ab39bb7684f2ba.js:1:127147)
    at e (http://localhost:3000/_next/static/chunks/e9ab39bb7684f2ba.js:1:127134)
    at e (http://localhost:3000/_next/static/chunks/e9ab39bb7684f2ba.js:1:127392)
    at e (http://localhost:3000/_next/static/chunks/e9ab39bb7684f2ba.js:1:127392)
    at e (http://localhost:3000/_next/static/chunks/e9ab39bb7684f2ba.js:1:127134)
    at e (http://localhost:3000/_next/static/chunks/e9ab39bb7684f2ba.js:1:127392) @ http://localhost:3000/_next/static/chunks/90db5213b1a8028d.js:0
[  120123ms] [ERROR] TypeError: Failed to fetch
    at o (http://localhost:3000/_next/static/chunks/a74aa066c138f629.js:1:506)
    at Object.get (http://localhost:3000/_next/static/chunks/a74aa066c138f629.js:1:965)
    at http://localhost:3000/_next/static/chunks/90db5213b1a8028d.js:1:56595
    at ih (http://localhost:3000/_next/static/chunks/e9ab39bb7684f2ba.js:1:102174)
    at e (http://localhost:3000/_next/static/chunks/e9ab39bb7684f2ba.js:1:127147)
    at e (http://localhost:3000/_next/static/chunks/e9ab39bb7684f2ba.js:1:127134)
    at e (http://localhost:3000/_next/static/chunks/e9ab39bb7684f2ba.js:1:127392)
    at e (http://localhost:3000/_next/static/chunks/e9ab39bb7684f2ba.js:1:127392)
    at e (http://localhost:3000/_next/static/chunks/e9ab39bb7684f2ba.js:1:127134)
    at e (http://localhost:3000/_next/static/chunks/e9ab39bb7684f2ba.js:1:127392) @ http://localhost:3000/_next/static/chunks/90db5213b1a8028d.js:0
[  120123ms] [ERROR] TypeError: Failed to fetch
    at o (http://localhost:3000/_next/static/chunks/a74aa066c138f629.js:1:506)
    at Object.get (http://localhost:3000/_next/static/chunks/a74aa066c138f629.js:1:965)
    at http://localhost:3000/_next/static/chunks/90db5213b1a8028d.js:1:56649
    at ih (http://localhost:3000/_next/static/chunks/e9ab39bb7684f2ba.js:1:102174)
    at e (http://localhost:3000/_next/static/chunks/e9ab39bb7684f2ba.js:1:127147)
    at e (http://localhost:3000/_next/static/chunks/e9ab39bb7684f2ba.js:1:127134)
    at e (http://localhost:3000/_next/static/chunks/e9ab39bb7684f2ba.js:1:127392)
    at e (http://localhost:3000/_next/static/chunks/e9ab39bb7684f2ba.js:1:127392)
    at e (http://localhost:3000/_next/static/chunks/e9ab39bb7684f2ba.js:1:127134)
    at e (http://localhost:3000/_next/static/chunks/e9ab39bb7684f2ba.js:1:127392) @ http://localhost:3000/_next/static/chunks/90db5213b1a8028d.js:0
[  120123ms] [ERROR] TypeError: Failed to fetch
    at o (http://localhost:3000/_next/static/chunks/a74aa066c138f629.js:1:506)
    at Object.get (http://localhost:3000/_next/static/chunks/a74aa066c138f629.js:1:965)
    at http://localhost:3000/_next/static/chunks/90db5213b1a8028d.js:1:56697
    at ih (http://localhost:3000/_next/static/chunks/e9ab39bb7684f2ba.js:1:102174)
    at e (http://localhost:3000/_next/static/chunks/e9ab39bb7684f2ba.js:1:127147)
    at e (http://localhost:3000/_next/static/chunks/e9ab39bb7684f2ba.js:1:127134)
    at e (http://localhost:3000/_next/static/chunks/e9ab39bb7684f2ba.js:1:127392)
    at e (http://localhost:3000/_next/static/chunks/e9ab39bb7684f2ba.js:1:127392)
    at e (http://localhost:3000/_next/static/chunks/e9ab39bb7684f2ba.js:1:127134)
    at e (http://localhost:3000/_next/static/chunks/e9ab39bb7684f2ba.js:1:127392) @ http://localhost:3000/_next/static/chunks/90db5213b1a8028d.js:0
[  120123ms] [ERROR] TypeError: Failed to fetch
    at o (http://localhost:3000/_next/static/chunks/a74aa066c138f629.js:1:506)
    at Object.get (http://localhost:3000/_next/static/chunks/a74aa066c138f629.js:1:965)
    at http://localhost:3000/_next/static/chunks/90db5213b1a8028d.js:1:56747
    at ih (http://localhost:3000/_next/static/chunks/e9ab39bb7684f2ba.js:1:102174)
    at e (http://localhost:3000/_next/static/chunks/e9ab39bb7684f2ba.js:1:127147)
    at e (http://localhost:3000/_next/static/chunks/e9ab39bb7684f2ba.js:1:127134)
    at e (http://localhost:3000/_next/static/chunks/e9ab39bb7684f2ba.js:1:127392)
    at e (http://localhost:3000/_next/static/chunks/e9ab39bb7684f2ba.js:1:127392)
    at e (http://localhost:3000/_next/static/chunks/e9ab39bb7684f2ba.js:1:127134)
    at e (http://localhost:3000/_next/static/chunks/e9ab39bb7684f2ba.js:1:127392) @ http://localhost:3000/_next/static/chunks/90db5213b1a8028d.js:0
[  178618ms] [VERBOSE] [DOM] Input elements should have autocomplete attributes (suggested: "current-password"): (More info: https://goo.gl/9p2vKq) %o @ http://localhost:3000/:0
[  178742ms] [VERBOSE] [DOM] Input elements should have autocomplete attributes (suggested: "current-password"): (More info: https://goo.gl/9p2vKq) %o @ http://localhost:3000/login:0
[  179107ms] [ERROR] Failed to load resource: net::ERR_CONNECTION_REFUSED @ http://localhost:8080/api/v1/dashboard/summary?cycle=2026-H1:0
[  179107ms] [ERROR] Failed to load resource: net::ERR_CONNECTION_REFUSED @ http://localhost:8080/api/v1/dashboard/heatmap?cycle=2026-H1:0
[  179107ms] [ERROR] Failed to load resource: net::ERR_CONNECTION_REFUSED @ http://localhost:8080/api/v1/risks/trend:0
[  179108ms] [ERROR] Failed to load resource: net::ERR_CONNECTION_REFUSED @ http://localhost:8080/api/v1/dashboard/action-pressure?interval=month&window=6:0
[  179108ms] [ERROR] Failed to load resource: net::ERR_CONNECTION_REFUSED @ http://localhost:8080/api/v1/dashboard/risk-categories?cycle=2026-H1:0
[  179110ms] [ERROR] Failed to load resource: net::ERR_CONNECTION_REFUSED @ http://localhost:8080/api/v1/dashboard/top-risks?cycle=2026-H1:0
[  179110ms] [ERROR] Failed to load resource: net::ERR_CONNECTION_REFUSED @ http://localhost:8080/api/v1/risks/compare?from=2025-H2&to=2026-H1:0
[  179111ms] [ERROR] Failed to load resource: net::ERR_CONNECTION_REFUSED @ http://localhost:8080/api/v1/dashboard/heatmap-velocity?from=2025-H2&to=2026-H1:0
[  179111ms] [ERROR] TypeError: Failed to fetch
    at o (http://localhost:3000/_next/static/chunks/a74aa066c138f629.js:1:506)
    at Object.get (http://localhost:3000/_next/static/chunks/a74aa066c138f629.js:1:965)
    at http://localhost:3000/_next/static/chunks/90db5213b1a8028d.js:1:56409
    at ih (http://localhost:3000/_next/static/chunks/e9ab39bb7684f2ba.js:1:102174)
    at e (http://localhost:3000/_next/static/chunks/e9ab39bb7684f2ba.js:1:127147)
    at e (http://localhost:3000/_next/static/chunks/e9ab39bb7684f2ba.js:1:127134)
    at e (http://localhost:3000/_next/static/chunks/e9ab39bb7684f2ba.js:1:127392)
    at e (http://localhost:3000/_next/static/chunks/e9ab39bb7684f2ba.js:1:127392)
    at e (http://localhost:3000/_next/static/chunks/e9ab39bb7684f2ba.js:1:127134)
    at e (http://localhost:3000/_next/static/chunks/e9ab39bb7684f2ba.js:1:127392) @ http://localhost:3000/_next/static/chunks/90db5213b1a8028d.js:0
[  179111ms] [ERROR] TypeError: Failed to fetch
    at o (http://localhost:3000/_next/static/chunks/a74aa066c138f629.js:1:506)
    at Object.get (http://localhost:3000/_next/static/chunks/a74aa066c138f629.js:1:965)
    at http://localhost:3000/_next/static/chunks/90db5213b1a8028d.js:1:56455
    at ih (http://localhost:3000/_next/static/chunks/e9ab39bb7684f2ba.js:1:102174)
    at e (http://localhost:3000/_next/static/chunks/e9ab39bb7684f2ba.js:1:127147)
    at e (http://localhost:3000/_next/static/chunks/e9ab39bb7684f2ba.js:1:127134)
    at e (http://localhost:3000/_next/static/chunks/e9ab39bb7684f2ba.js:1:127392)
    at e (http://localhost:3000/_next/static/chunks/e9ab39bb7684f2ba.js:1:127392)
    at e (http://localhost:3000/_next/static/chunks/e9ab39bb7684f2ba.js:1:127134)
    at e (http://localhost:3000/_next/static/chunks/e9ab39bb7684f2ba.js:1:127392) @ http://localhost:3000/_next/static/chunks/90db5213b1a8028d.js:0
[  179111ms] [ERROR] TypeError: Failed to fetch
    at o (http://localhost:3000/_next/static/chunks/a74aa066c138f629.js:1:506)
    at Object.get (http://localhost:3000/_next/static/chunks/a74aa066c138f629.js:1:965)
    at http://localhost:3000/_next/static/chunks/90db5213b1a8028d.js:1:56501
    at ih (http://localhost:3000/_next/static/chunks/e9ab39bb7684f2ba.js:1:102174)
    at e (http://localhost:3000/_next/static/chunks/e9ab39bb7684f2ba.js:1:127147)
    at e (http://localhost:3000/_next/static/chunks/e9ab39bb7684f2ba.js:1:127134)
    at e (http://localhost:3000/_next/static/chunks/e9ab39bb7684f2ba.js:1:127392)
    at e (http://localhost:3000/_next/static/chunks/e9ab39bb7684f2ba.js:1:127392)
    at e (http://localhost:3000/_next/static/chunks/e9ab39bb7684f2ba.js:1:127134)
    at e (http://localhost:3000/_next/static/chunks/e9ab39bb7684f2ba.js:1:127392) @ http://localhost:3000/_next/static/chunks/90db5213b1a8028d.js:0
[  179111ms] [ERROR] TypeError: Failed to fetch
    at o (http://localhost:3000/_next/static/chunks/a74aa066c138f629.js:1:506)
    at Object.get (http://localhost:3000/_next/static/chunks/a74aa066c138f629.js:1:965)
    at http://localhost:3000/_next/static/chunks/90db5213b1a8028d.js:1:56529
    at ih (http://localhost:3000/_next/static/chunks/e9ab39bb7684f2ba.js:1:102174)
    at e (http://localhost:3000/_next/static/chunks/e9ab39bb7684f2ba.js:1:127147)
    at e (http://localhost:3000/_next/static/chunks/e9ab39bb7684f2ba.js:1:127134)
    at e (http://localhost:3000/_next/static/chunks/e9ab39bb7684f2ba.js:1:127392)
    at e (http://localhost:3000/_next/static/chunks/e9ab39bb7684f2ba.js:1:127392)
    at e (http://localhost:3000/_next/static/chunks/e9ab39bb7684f2ba.js:1:127134)
    at e (http://localhost:3000/_next/static/chunks/e9ab39bb7684f2ba.js:1:127392) @ http://localhost:3000/_next/static/chunks/90db5213b1a8028d.js:0
[  179111ms] [ERROR] TypeError: Failed to fetch
    at o (http://localhost:3000/_next/static/chunks/a74aa066c138f629.js:1:506)
    at Object.get (http://localhost:3000/_next/static/chunks/a74aa066c138f629.js:1:965)
    at http://localhost:3000/_next/static/chunks/90db5213b1a8028d.js:1:56595
    at ih (http://localhost:3000/_next/static/chunks/e9ab39bb7684f2ba.js:1:102174)
    at e (http://localhost:3000/_next/static/chunks/e9ab39bb7684f2ba.js:1:127147)
    at e (http://localhost:3000/_next/static/chunks/e9ab39bb7684f2ba.js:1:127134)
    at e (http://localhost:3000/_next/static/chunks/e9ab39bb7684f2ba.js:1:127392)
    at e (http://localhost:3000/_next/static/chunks/e9ab39bb7684f2ba.js:1:127392)
    at e (http://localhost:3000/_next/static/chunks/e9ab39bb7684f2ba.js:1:127134)
    at e (http://localhost:3000/_next/static/chunks/e9ab39bb7684f2ba.js:1:127392) @ http://localhost:3000/_next/static/chunks/90db5213b1a8028d.js:0
[  179111ms] [ERROR] TypeError: Failed to fetch
    at o (http://localhost:3000/_next/static/chunks/a74aa066c138f629.js:1:506)
    at Object.get (http://localhost:3000/_next/static/chunks/a74aa066c138f629.js:1:965)
    at http://localhost:3000/_next/static/chunks/90db5213b1a8028d.js:1:56649
    at ih (http://localhost:3000/_next/static/chunks/e9ab39bb7684f2ba.js:1:102174)
    at e (http://localhost:3000/_next/static/chunks/e9ab39bb7684f2ba.js:1:127147)
    at e (http://localhost:3000/_next/static/chunks/e9ab39bb7684f2ba.js:1:127134)
    at e (http://localhost:3000/_next/static/chunks/e9ab39bb7684f2ba.js:1:127392)
    at e (http://localhost:3000/_next/static/chunks/e9ab39bb7684f2ba.js:1:127392)
    at e (http://localhost:3000/_next/static/chunks/e9ab39bb7684f2ba.js:1:127134)
    at e (http://localhost:3000/_next/static/chunks/e9ab39bb7684f2ba.js:1:127392) @ http://localhost:3000/_next/static/chunks/90db5213b1a8028d.js:0
[  179111ms] [ERROR] TypeError: Failed to fetch
    at o (http://localhost:3000/_next/static/chunks/a74aa066c138f629.js:1:506)
    at Object.get (http://localhost:3000/_next/static/chunks/a74aa066c138f629.js:1:965)
    at http://localhost:3000/_next/static/chunks/90db5213b1a8028d.js:1:56697
    at ih (http://localhost:3000/_next/static/chunks/e9ab39bb7684f2ba.js:1:102174)
    at e (http://localhost:3000/_next/static/chunks/e9ab39bb7684f2ba.js:1:127147)
    at e (http://localhost:3000/_next/static/chunks/e9ab39bb7684f2ba.js:1:127134)
    at e (http://localhost:3000/_next/static/chunks/e9ab39bb7684f2ba.js:1:127392)
    at e (http://localhost:3000/_next/static/chunks/e9ab39bb7684f2ba.js:1:127392)
    at e (http://localhost:3000/_next/static/chunks/e9ab39bb7684f2ba.js:1:127134)
    at e (http://localhost:3000/_next/static/chunks/e9ab39bb7684f2ba.js:1:127392) @ http://localhost:3000/_next/static/chunks/90db5213b1a8028d.js:0
[  179111ms] [ERROR] TypeError: Failed to fetch
    at o (http://localhost:3000/_next/static/chunks/a74aa066c138f629.js:1:506)
    at Object.get (http://localhost:3000/_next/static/chunks/a74aa066c138f629.js:1:965)
    at http://localhost:3000/_next/static/chunks/90db5213b1a8028d.js:1:56747
    at ih (http://localhost:3000/_next/static/chunks/e9ab39bb7684f2ba.js:1:102174)
    at e (http://localhost:3000/_next/static/chunks/e9ab39bb7684f2ba.js:1:127147)
    at e (http://localhost:3000/_next/static/chunks/e9ab39bb7684f2ba.js:1:127134)
    at e (http://localhost:3000/_next/static/chunks/e9ab39bb7684f2ba.js:1:127392)
    at e (http://localhost:3000/_next/static/chunks/e9ab39bb7684f2ba.js:1:127392)
    at e (http://localhost:3000/_next/static/chunks/e9ab39bb7684f2ba.js:1:127134)
    at e (http://localhost:3000/_next/static/chunks/e9ab39bb7684f2ba.js:1:127392) @ http://localhost:3000/_next/static/chunks/90db5213b1a8028d.js:0
